// Jest Snapshot v1, https://goo.gl/fbAQLP

exports[`Header component renders a Header by default 1`] = `undefined`;

exports[`Header component renders the Header given props 1`] = `undefined`;
