// Jest Snapshot v1, https://goo.gl/fbAQLP

exports[`ProjectReviewForm component renders a ProjectReviewForm by default 1`] = `undefined`;

exports[`ProjectReviewForm component renders the ProjectReviewForm given props 1`] = `undefined`;
