// Jest Snapshot v1, https://goo.gl/fbAQLP

exports[`LandingPage component renders a LandingPage by default 1`] = `undefined`;

exports[`LandingPage component renders the LandingPage given props 1`] = `undefined`;
